// Jest Snapshot v1, https://goo.gl/fbAQLP

exports[`renders A QRCode 1`] = `
<div
  className="QRCode"
  style={
    Object {
      "backgroundImage": "url(http://www.datafakegenerator.com/temp/test409236e0431d1d4dcf66ffba56d9d43c.png)",
    }
  }
/>
`;
