// Jest Snapshot v1, https://goo.gl/fbAQLP

exports[`renders Applications page with one active app 1`] = `
<div>
  <h2
    style={
      Object {
        "marginLeft": "16px",
      }
    }
  >
    Currently active Applications
  </h2>
  <div
    className="Applications"
  >
    <div>
      <div
        className="Card"
      >
        <div
          className="image"
          style={
            Object {
              "backgroundImage": "url(https://images.pexels.com/photos/63703/pexels-photo-63703.jpeg?w=1260&h=750&auto=compress&cs=tinysrgb)",
            }
          }
        />
        <div
          className="flex"
        >
          <div
            className="content"
          >
            <div
              className="CardHeader"
            >
              <div
                className="line"
                style={
                  Object {
                    "backgroundColor": "#5c00f3",
                  }
                }
              />
              <div
                className="SwitchButton"
              >
                <label
                  style={
                    Object {
                      "color": "#5c00f3",
                    }
                  }
                >
                  ENABLED
                </label>
                <div
                  className=""
                  id="switch-container"
                  onClick={[Function]}
                >
                  <div
                    className=""
                    id="background"
                    style={
                      Object {
                        "backgroundColor": "#5c00f3",
                      }
                    }
                  />
                  <div
                    className=""
                    id="cursor"
                    style={
                      Object {
                        "transform": "translate3d(26px, 0, 0)",
                      }
                    }
                  />
                </div>
              </div>
            </div>
            <h1>
              Qwant Music
            </h1>
            <p
              className="description"
            >
              Lorem ipsum dolor sit amet, consectetur adipiscing elit, sed do eiusmod tempor incididunt ut labore.
            </p>
            <div
              className="permissions"
            >
              <p>
                5 PERMISSIONS
              </p>
              <div
                className="more"
              >
                <p
                  style={
                    Object {
                      "color": "#5c00f3",
                    }
                  }
                >
                  SEE MORE
                </p>
                <svg
                  className="caret-icon"
                  height={10}
                  style={
                    Object {
                      "color": "#5c00f3",
                    }
                  }
                  viewBox="0 0 14 10"
                  width={14}
                  xmlnsXlink="http://www.w3.org/1999/xlink"
                >
                  <defs>
                    <path
                      d="M13.7 1.7l-6 6c-.2.2-.4.3-.7.3-.3 0-.5-.1-.7-.3l-6-6C-.1 1.3-.1.7.3.3c.4-.4 1-.4 1.4 0L7 5.6 12.3.3c.4-.4 1-.4 1.4 0 .4.4.4 1 0 1.4z"
                      id="chevron-svg"
                    />
                  </defs>
                  <use
                    fill="currentColor"
                    fillRule="nonzero"
                    xlinkHref="#chevron-svg"
                  />
                </svg>
              </div>
            </div>
          </div>
        </div>
      </div>
      <div
        id="separator"
        style={
          Object {
            "marginTop": "16px",
          }
        }
      />
    </div>
  </div>
  <h2
    style={
      Object {
        "marginLeft": "16px",
      }
    }
  >
    Currently connected to your Masq
  </h2>
  <div
    className="Applications"
  />
</div>
`;

exports[`renders Applications page with one inactive app 1`] = `
<div>
  <h2
    style={
      Object {
        "marginLeft": "16px",
      }
    }
  >
    Currently active Applications
  </h2>
  <div
    className="Applications"
  />
  <h2
    style={
      Object {
        "marginLeft": "16px",
      }
    }
  >
    Currently connected to your Masq
  </h2>
  <div
    className="Applications"
  >
    <div>
      <div
        className="Card"
      >
        <div
          className="image"
          style={
            Object {
              "backgroundImage": "url(https://images.pexels.com/photos/63703/pexels-photo-63703.jpeg?w=1260&h=750&auto=compress&cs=tinysrgb)",
            }
          }
        />
        <div
          className="flex"
        >
          <div
            className="content"
          >
            <div
              className="CardHeader"
            >
              <div
                className="line"
                style={
                  Object {
                    "backgroundColor": "#5c00f3",
                  }
                }
              />
              <div
                className="SwitchButton"
              >
                <label
                  style={
                    Object {
                      "color": "#5c00f3",
                    }
                  }
                >
                  ENABLED
                </label>
                <div
                  className=""
                  id="switch-container"
                  onClick={[Function]}
                >
                  <div
                    className=""
                    id="background"
                    style={
                      Object {
                        "backgroundColor": "#5c00f3",
                      }
                    }
                  />
                  <div
                    className=""
                    id="cursor"
                    style={
                      Object {
                        "transform": "translate3d(26px, 0, 0)",
                      }
                    }
                  />
                </div>
              </div>
            </div>
            <h1>
              Qwant Music
            </h1>
            <p
              className="description"
            >
              Lorem ipsum dolor sit amet, consectetur adipiscing elit, sed do eiusmod tempor incididunt ut labore.
            </p>
            <div
              className="permissions"
            >
              <p>
                5 PERMISSIONS
              </p>
              <div
                className="more"
              >
                <p
                  style={
                    Object {
                      "color": "#5c00f3",
                    }
                  }
                >
                  SEE MORE
                </p>
                <svg
                  className="caret-icon"
                  height={10}
                  style={
                    Object {
                      "color": "#5c00f3",
                    }
                  }
                  viewBox="0 0 14 10"
                  width={14}
                  xmlnsXlink="http://www.w3.org/1999/xlink"
                >
                  <defs>
                    <path
                      d="M13.7 1.7l-6 6c-.2.2-.4.3-.7.3-.3 0-.5-.1-.7-.3l-6-6C-.1 1.3-.1.7.3.3c.4-.4 1-.4 1.4 0L7 5.6 12.3.3c.4-.4 1-.4 1.4 0 .4.4.4 1 0 1.4z"
                      id="chevron-svg"
                    />
                  </defs>
                  <use
                    fill="currentColor"
                    fillRule="nonzero"
                    xlinkHref="#chevron-svg"
                  />
                </svg>
              </div>
            </div>
          </div>
        </div>
      </div>
      <div
        id="separator"
        style={
          Object {
            "marginTop": "16px",
          }
        }
      />
    </div>
  </div>
</div>
`;
