// Jest Snapshot v1, https://goo.gl/fbAQLP

exports[`renders Notification 1`] = `
<div
  className="Notification"
>
  <div
    id="left-notif"
  >
    <svg
      height={22}
      id="infos-icon"
      viewBox="0 0 22 22"
      width={22}
      xmlnsXlink="http://www.w3.org/1999/xlink"
    >
      <defs>
        <path
          d="M11 0C4.9 0 0 4.9 0 11s4.9 11 11 11 11-4.9 11-11S17.1 0 11 0zm0 20c-5 0-9-4-9-9s4-9 9-9 9 4 9 9-4 9-9 9zm1-9v4c0 .6-.4 1-1 1s-1-.4-1-1v-4c0-.6.4-1 1-1s1 .4 1 1zm-.3-4.7c.2.2.3.4.3.7 0 .3-.1.5-.3.7-.2.2-.4.3-.7.3h-.2c-.1 0-.1 0-.2-.1-.1 0-.1-.1-.2-.1s-.1-.1-.1-.1c-.2-.2-.3-.4-.3-.7 0-.3.1-.5.3-.7l.1-.1c.1 0 .1-.1.2-.1s.1 0 .2-.1c.3 0 .7.1.9.3z"
          id="infos-svg"
        />
      </defs>
      <use
        fill="currentColor"
        fillRule="nonzero"
        xlinkHref="#infos-svg"
      />
    </svg>
    <p>
      some notification
    </p>
  </div>
  <svg
    height={14}
    id="close-icon"
    onClick={undefined}
    viewBox="0 0 14 14"
    width={14}
    xmlnsXlink="http://www.w3.org/1999/xlink"
  >
    <defs>
      <path
        d="M13.7 12.3c.4.4.4 1 0 1.4-.2.2-.4.3-.7.3-.3 0-.5-.1-.7-.3L7 8.4l-5.3 5.3c-.2.2-.4.3-.7.3-.3 0-.5-.1-.7-.3-.4-.4-.4-1 0-1.4L5.6 7 .3 1.7C-.1 1.3-.1.7.3.3c.4-.4 1-.4 1.4 0L7 5.6 12.3.3c.4-.4 1-.4 1.4 0 .4.4.4 1 0 1.4L8.4 7l5.3 5.3z"
        id="close-svg"
      />
    </defs>
    <use
      fill="currentColor"
      fillRule="nonzero"
      xlinkHref="#close-svg"
    />
  </svg>
</div>
`;
